// Jest Snapshot v1, https://goo.gl/fbAQLP

exports[`Pruebas con el componente GifGridItem debe mostrar el componente correctamente 1`] = `
<div
  className="card animate__animated animate__fadeIn"
>
  <img
    alt="Game of thrones"
    src="https://url.com"
  />
  <p
    className="animate__animated animate__bounce"
  >
    Game of thrones
  </p>
</div>
`;
